/home/promissa/projects/st4001_project/.venv/lib/python3.13/site-packages/torchvision/datasets/cifar.py:83: VisibleDeprecationWarning: dtype(): align should be passed as Python or NumPy boolean but got `align=0`. Did you mean to pass a tuple to create a subarray type? (Deprecated NumPy 2.4)
  entry = pickle.load(f, encoding="latin1")
Device: cuda | Config: {'study': 'alpha', 'dataset': 'cifar10', 'model': 'resnet18', 'rounds': 50, 'num_clients': 100, 'local_epochs': 1, 'batch_size': 64, 'server_lr': 0.01, 'local_lr': 0.01, 'momentum': 0.9, 'beta2': 0.99, 'noise_scale': 0.05, 'alphas': [1.3, 2.0], 'mac_alpha': 1.3, 'mac_clip': 3.0, 'mac_clips': [0.0, 1.0, 2.0, 3.0, 5.0], 'mac_noise_scales': [0.05, 0.1, 0.2], 'use_mac': False, 'methods': ['adam_ota'], 'seeds': [42], 'parallel_seeds': False, 'non_iid': True, 'dir_conc': 0.1, 'log_every': 1, 'save_diagnostics': False, 'max_eval_loss': 1000000.0, 'out_dir': 'results/heavytail/beta2_0.99', 'amp': True, 'amp_dtype': 'bf16', 'channels_last': True, 'eval_batch_size': 1024, 'eval_every': 1, 'diagnostics_every': 0, 'fast_data': 'on', 'use_amp': True, 'use_channels_last': True, 'use_fast_data': True}
AMP:       True (bf16) | channels_last=True
Fast data: True (on) | eval_every=1 | diagnostics_every=0

=== Heavy-tail ablation: alpha-stable tail index ===
  alpha=1.3 seed=42  no-MAC adam_ota     round    1/50 loss=2.8150 acc=0.1001
  alpha=1.3 seed=42  no-MAC adam_ota     round    2/50 loss=3.3697 acc=0.1000
  alpha=1.3 seed=42  no-MAC adam_ota     round    3/50 loss=5.5456 acc=0.1000
  alpha=1.3 seed=42  no-MAC adam_ota     round    4/50 loss=6.4493 acc=0.1001
  alpha=1.3 seed=42  no-MAC adam_ota     round    5/50 loss=4.1009 acc=0.1294
  alpha=1.3 seed=42  no-MAC adam_ota     round    6/50 loss=3.8262 acc=0.1341
  alpha=1.3 seed=42  no-MAC adam_ota     round    7/50 loss=4.6860 acc=0.1071
  alpha=1.3 seed=42  no-MAC adam_ota     round    8/50 loss=4.7490 acc=0.1135
  alpha=1.3 seed=42  no-MAC adam_ota     round    9/50 loss=4.0373 acc=0.1439
  alpha=1.3 seed=42  no-MAC adam_ota     round   10/50 loss=3.7353 acc=0.1250
  alpha=1.3 seed=42  no-MAC adam_ota     round   11/50 loss=4.7723 acc=0.1006
  alpha=1.3 seed=42  no-MAC adam_ota     round   12/50 loss=4.6751 acc=0.1019
  alpha=1.3 seed=42  no-MAC adam_ota     round   13/50 loss=3.6819 acc=0.1113
  alpha=1.3 seed=42  no-MAC adam_ota     round   14/50 loss=2.9790 acc=0.1663
  alpha=1.3 seed=42  no-MAC adam_ota     round   15/50 loss=2.8130 acc=0.1675
  alpha=1.3 seed=42  no-MAC adam_ota     round   16/50 loss=2.7264 acc=0.1801
  alpha=1.3 seed=42  no-MAC adam_ota     round   17/50 loss=2.5376 acc=0.1883
  alpha=1.3 seed=42  no-MAC adam_ota     round   18/50 loss=2.4311 acc=0.1948
  alpha=1.3 seed=42  no-MAC adam_ota     round   19/50 loss=2.5554 acc=0.1714
  alpha=1.3 seed=42  no-MAC adam_ota     round   20/50 loss=2.8543 acc=0.1463
  alpha=1.3 seed=42  no-MAC adam_ota     round   21/50 loss=2.8815 acc=0.1519
  alpha=1.3 seed=42  no-MAC adam_ota     round   22/50 loss=2.6458 acc=0.1899
  alpha=1.3 seed=42  no-MAC adam_ota     round   23/50 loss=2.4297 acc=0.2077
  alpha=1.3 seed=42  no-MAC adam_ota     round   24/50 loss=2.2821 acc=0.2073
  alpha=1.3 seed=42  no-MAC adam_ota     round   25/50 loss=2.2013 acc=0.2208
  alpha=1.3 seed=42  no-MAC adam_ota     round   26/50 loss=2.1632 acc=0.2342
  alpha=1.3 seed=42  no-MAC adam_ota     round   27/50 loss=2.1758 acc=0.2327
  alpha=1.3 seed=42  no-MAC adam_ota     round   28/50 loss=2.2733 acc=0.2200
  alpha=1.3 seed=42  no-MAC adam_ota     round   29/50 loss=2.3785 acc=0.2002
  alpha=1.3 seed=42  no-MAC adam_ota     round   30/50 loss=2.4399 acc=0.1868
  alpha=1.3 seed=42  no-MAC adam_ota     round   31/50 loss=2.3758 acc=0.1953
  alpha=1.3 seed=42  no-MAC adam_ota     round   32/50 loss=2.2437 acc=0.2164
  alpha=1.3 seed=42  no-MAC adam_ota     round   33/50 loss=2.1915 acc=0.2200
  alpha=1.3 seed=42  no-MAC adam_ota     round   34/50 loss=2.1360 acc=0.2295
  alpha=1.3 seed=42  no-MAC adam_ota     round   35/50 loss=2.1296 acc=0.2327
  alpha=1.3 seed=42  no-MAC adam_ota     round   36/50 loss=2.1164 acc=0.2325
  alpha=1.3 seed=42  no-MAC adam_ota     round   37/50 loss=2.1158 acc=0.2342
  alpha=1.3 seed=42  no-MAC adam_ota     round   38/50 loss=2.1416 acc=0.2254
  alpha=1.3 seed=42  no-MAC adam_ota     round   39/50 loss=2.1871 acc=0.2178
  alpha=1.3 seed=42  no-MAC adam_ota     round   40/50 loss=2.2038 acc=0.2199
  alpha=1.3 seed=42  no-MAC adam_ota     round   41/50 loss=2.2382 acc=0.2217
  alpha=1.3 seed=42  no-MAC adam_ota     round   42/50 loss=2.2268 acc=0.2226
  alpha=1.3 seed=42  no-MAC adam_ota     round   43/50 loss=2.1970 acc=0.2239
  alpha=1.3 seed=42  no-MAC adam_ota     round   44/50 loss=2.1274 acc=0.2336
  alpha=1.3 seed=42  no-MAC adam_ota     round   45/50 loss=2.0882 acc=0.2437
  alpha=1.3 seed=42  no-MAC adam_ota     round   46/50 loss=2.0974 acc=0.2375
  alpha=1.3 seed=42  no-MAC adam_ota     round   47/50 loss=2.1617 acc=0.2251
  alpha=1.3 seed=42  no-MAC adam_ota     round   48/50 loss=2.1833 acc=0.2234
  alpha=1.3 seed=42  no-MAC adam_ota     round   49/50 loss=2.1616 acc=0.2315
  alpha=1.3 seed=42  no-MAC adam_ota     round   50/50 loss=2.1631 acc=0.2392
/home/promissa/projects/st4001_project/.venv/lib/python3.13/site-packages/torchvision/datasets/cifar.py:83: VisibleDeprecationWarning: dtype(): align should be passed as Python or NumPy boolean but got `align=0`. Did you mean to pass a tuple to create a subarray type? (Deprecated NumPy 2.4)
  entry = pickle.load(f, encoding="latin1")
  alpha=2.0 seed=42  no-MAC adam_ota     round    1/50 loss=2.8691 acc=0.1000
  alpha=2.0 seed=42  no-MAC adam_ota     round    2/50 loss=2.9703 acc=0.1276
  alpha=2.0 seed=42  no-MAC adam_ota     round    3/50 loss=4.2035 acc=0.1000
  alpha=2.0 seed=42  no-MAC adam_ota     round    4/50 loss=5.8503 acc=0.1003
  alpha=2.0 seed=42  no-MAC adam_ota     round    5/50 loss=4.2283 acc=0.1020
  alpha=2.0 seed=42  no-MAC adam_ota     round    6/50 loss=4.3466 acc=0.1100
  alpha=2.0 seed=42  no-MAC adam_ota     round    7/50 loss=4.3498 acc=0.1151
  alpha=2.0 seed=42  no-MAC adam_ota     round    8/50 loss=3.7649 acc=0.1630
  alpha=2.0 seed=42  no-MAC adam_ota     round    9/50 loss=3.1350 acc=0.1666
  alpha=2.0 seed=42  no-MAC adam_ota     round   10/50 loss=2.9817 acc=0.1379
  alpha=2.0 seed=42  no-MAC adam_ota     round   11/50 loss=3.5538 acc=0.1092
  alpha=2.0 seed=42  no-MAC adam_ota     round   12/50 loss=3.7817 acc=0.1095
  alpha=2.0 seed=42  no-MAC adam_ota     round   13/50 loss=3.1318 acc=0.1262
  alpha=2.0 seed=42  no-MAC adam_ota     round   14/50 loss=2.4077 acc=0.2077
  alpha=2.0 seed=42  no-MAC adam_ota     round   15/50 loss=2.1807 acc=0.2339
  alpha=2.0 seed=42  no-MAC adam_ota     round   16/50 loss=2.1488 acc=0.2440
  alpha=2.0 seed=42  no-MAC adam_ota     round   17/50 loss=2.1940 acc=0.2245
  alpha=2.0 seed=42  no-MAC adam_ota     round   18/50 loss=2.1938 acc=0.2065
  alpha=2.0 seed=42  no-MAC adam_ota     round   19/50 loss=2.2123 acc=0.2229
  alpha=2.0 seed=42  no-MAC adam_ota     round   20/50 loss=2.3506 acc=0.2016
  alpha=2.0 seed=42  no-MAC adam_ota     round   21/50 loss=2.4098 acc=0.1875
  alpha=2.0 seed=42  no-MAC adam_ota     round   22/50 loss=2.2822 acc=0.2113
  alpha=2.0 seed=42  no-MAC adam_ota     round   23/50 loss=2.1333 acc=0.2509
  alpha=2.0 seed=42  no-MAC adam_ota     round   24/50 loss=2.0539 acc=0.2547
  alpha=2.0 seed=42  no-MAC adam_ota     round   25/50 loss=2.0570 acc=0.2589
  alpha=2.0 seed=42  no-MAC adam_ota     round   26/50 loss=2.0334 acc=0.2566
  alpha=2.0 seed=42  no-MAC adam_ota     round   27/50 loss=1.9882 acc=0.2722
  alpha=2.0 seed=42  no-MAC adam_ota     round   28/50 loss=1.9738 acc=0.2819
  alpha=2.0 seed=42  no-MAC adam_ota     round   29/50 loss=2.0235 acc=0.2697
  alpha=2.0 seed=42  no-MAC adam_ota     round   30/50 loss=2.0608 acc=0.2677
  alpha=2.0 seed=42  no-MAC adam_ota     round   31/50 loss=2.0035 acc=0.2802
  alpha=2.0 seed=42  no-MAC adam_ota     round   32/50 loss=1.8958 acc=0.2980
  alpha=2.0 seed=42  no-MAC adam_ota     round   33/50 loss=1.8294 acc=0.3059
  alpha=2.0 seed=42  no-MAC adam_ota     round   34/50 loss=1.8504 acc=0.2946
  alpha=2.0 seed=42  no-MAC adam_ota     round   35/50 loss=1.8707 acc=0.2932
  alpha=2.0 seed=42  no-MAC adam_ota     round   36/50 loss=1.8799 acc=0.3047
  alpha=2.0 seed=42  no-MAC adam_ota     round   37/50 loss=1.8907 acc=0.3091
  alpha=2.0 seed=42  no-MAC adam_ota     round   38/50 loss=1.9042 acc=0.3123
  alpha=2.0 seed=42  no-MAC adam_ota     round   39/50 loss=1.8788 acc=0.3118
  alpha=2.0 seed=42  no-MAC adam_ota     round   40/50 loss=1.8492 acc=0.3186
  alpha=2.0 seed=42  no-MAC adam_ota     round   41/50 loss=1.8149 acc=0.3252
  alpha=2.0 seed=42  no-MAC adam_ota     round   42/50 loss=1.8067 acc=0.3272
  alpha=2.0 seed=42  no-MAC adam_ota     round   43/50 loss=1.8026 acc=0.3241
  alpha=2.0 seed=42  no-MAC adam_ota     round   44/50 loss=1.8028 acc=0.3187
  alpha=2.0 seed=42  no-MAC adam_ota     round   45/50 loss=1.7889 acc=0.3228
  alpha=2.0 seed=42  no-MAC adam_ota     round   46/50 loss=1.8023 acc=0.3295
  alpha=2.0 seed=42  no-MAC adam_ota     round   47/50 loss=1.8088 acc=0.3339
  alpha=2.0 seed=42  no-MAC adam_ota     round   48/50 loss=1.8034 acc=0.3350
  alpha=2.0 seed=42  no-MAC adam_ota     round   49/50 loss=1.7655 acc=0.3395
  alpha=2.0 seed=42  no-MAC adam_ota     round   50/50 loss=1.7128 acc=0.3487
Saved: results/heavytail/beta2_0.99/alpha_ablation_cifar10_resnet18.json
